lug-04 18:12:47.926 [main] DEBUG nextflow.cli.Launcher - $> nextflow run Nextflow_for_IchorCNA -c nextflow_Mac.config --BED_Slop_and_Merge true --slop 4000 -resume
lug-04 18:12:47.971 [main] DEBUG nextflow.cli.CmdRun - N E X T F L O W  ~  version 26.04.3
lug-04 18:12:47.992 [main] DEBUG nextflow.plugin.PluginsFacade - Setting up plugin manager > mode=prod; embedded=false; plugins-dir=/Users/tommasoregoli/.nextflow/plugins; core-plugins: nf-amazon@3.9.1,nf-azure@1.22.5,nf-cloudcache@0.6.0,nf-codecommit@0.5.2,nf-console@1.3.0,nf-google@1.27.3,nf-k8s@1.5.4,nf-seqera@0.20.1,nf-tower@1.28.0,nf-wave@1.21.0
lug-04 18:12:48.006 [main] INFO  o.pf4j.DefaultPluginStatusProvider - Enabled plugins: []
lug-04 18:12:48.007 [main] INFO  o.pf4j.DefaultPluginStatusProvider - Disabled plugins: []
lug-04 18:12:48.009 [main] INFO  org.pf4j.DefaultPluginManager - PF4J version 3.14.1 in 'deployment' mode
lug-04 18:12:48.019 [main] DEBUG nextflow.util.RetryConfig - Missing nextflow session - using default retry config
lug-04 18:12:48.095 [main] DEBUG nextflow.plugin.PluginUpdater - Using plugin repository: HttpPluginRepository [registry]; url=https://registry.nextflow.io/api
lug-04 18:12:48.098 [main] INFO  org.pf4j.AbstractPluginManager - No plugins
lug-04 18:12:48.104 [main] DEBUG nextflow.scm.ProviderConfig - Using SCM config path: /Users/tommasoregoli/.nextflow/scm
lug-04 18:12:48.111 [main] DEBUG nextflow.scm.AssetManager - Listing projects in folder: /Users/tommasoregoli/.nextflow/assets
lug-04 18:12:48.115 [main] DEBUG nextflow.scm.AssetManager - Selecting multi-revision strategy
lug-04 18:12:48.140 [main] DEBUG nextflow.scm.RepositoryFactory - Found Git repository result: [RepositoryFactory]
lug-04 18:12:48.147 [main] INFO  nextflow.cli.CmdRun - Pulling nextflow-io/Nextflow_for_IchorCNA ...
lug-04 18:12:48.149 [main] DEBUG nextflow.scm.RepositoryProvider - Request [credentials -:-] -> https://api.github.com/repos/nextflow-io/Nextflow_for_IchorCNA/contents/nextflow.config
lug-04 18:12:48.569 [main] DEBUG nextflow.scm.RepositoryProvider - Response status: 404 -- [123, 34, 109, 101, 115, 115, 97, 103, 101, 34, 58, 34, 78, 111, 116, 32, 70, 111, 117, 110, 100, 34, 44, 34, 100, 111, 99, 117, 109, 101, 110, 116, 97, 116, 105, 111, 110, 95, 117, 114, 108, 34, 58, 34, 104, 116, 116, 112, 115, 58, 47, 47, 100, 111, 99, 115, 46, 103, 105, 116, 104, 117, 98, 46, 99, 111, 109, 47, 114, 101, 115, 116, 47, 114, 101, 112, 111, 115, 47, 99, 111, 110, 116, 101, 110, 116, 115, 35, 103, 101, 116, 45, 114, 101, 112, 111, 115, 105, 116, 111, 114, 121, 45, 99, 111, 110, 116, 101, 110, 116, 34, 44, 34, 115, 116, 97, 116, 117, 115, 34, 58, 34, 52, 48, 52, 34, 125]
lug-04 18:12:48.571 [main] WARN  nextflow.scm.AssetManager - Cannot read project manifest -- Cause: Remote resource not found: https://api.github.com/repos/nextflow-io/Nextflow_for_IchorCNA/contents/nextflow.config
nextflow.exception.AbortOperationException: Remote resource not found: https://api.github.com/repos/nextflow-io/Nextflow_for_IchorCNA/contents/nextflow.config
	at nextflow.scm.RepositoryProvider.checkResponse(RepositoryProvider.groovy:309)
	at nextflow.scm.RepositoryProvider.invokeBytes(RepositoryProvider.groovy:255)
	at nextflow.scm.RepositoryProvider.invoke(RepositoryProvider.groovy:238)
	at nextflow.scm.RepositoryProvider.memoizedMethodPriv$invokeAndParseResponseString(RepositoryProvider.groovy:380)
	at java.base/jdk.internal.reflect.DirectMethodHandleAccessor.invoke(DirectMethodHandleAccessor.java:104)
	at java.base/java.lang.reflect.Method.invoke(Method.java:565)
	at org.codehaus.groovy.reflection.CachedMethod.invoke(CachedMethod.java:343)
	at groovy.lang.MetaMethod.doMethodInvoke(MetaMethod.java:328)
	at groovy.lang.MetaClassImpl.doInvokeMethod(MetaClassImpl.java:1341)
	at groovy.lang.MetaClassImpl.invokeMethod(MetaClassImpl.java:1096)
	at groovy.lang.MetaClassImpl.invokeMethod(MetaClassImpl.java:1009)
	at org.codehaus.groovy.runtime.InvokerHelper.invokePogoMethod(InvokerHelper.java:645)
	at org.codehaus.groovy.runtime.InvokerHelper.invokeMethod(InvokerHelper.java:628)
	at org.codehaus.groovy.runtime.InvokerHelper.invokeMethodSafe(InvokerHelper.java:82)
	at nextflow.scm.RepositoryProvider$_closure3.doCall(RepositoryProvider.groovy)
	at java.base/jdk.internal.reflect.DirectMethodHandleAccessor.invoke(DirectMethodHandleAccessor.java:104)
	at java.base/java.lang.reflect.Method.invoke(Method.java:565)
	at org.codehaus.groovy.reflection.CachedMethod.invoke(CachedMethod.java:343)
	at groovy.lang.MetaMethod.doMethodInvoke(MetaMethod.java:328)
	at org.codehaus.groovy.runtime.metaclass.ClosureMetaClass.invokeMethod(ClosureMetaClass.java:280)
	at groovy.lang.MetaClassImpl.invokeMethod(MetaClassImpl.java:1009)
	at groovy.lang.Closure.call(Closure.java:433)
	at org.codehaus.groovy.runtime.memoize.Memoize$MemoizeFunction.lambda$call$0(Memoize.java:137)
	at org.codehaus.groovy.runtime.memoize.ConcurrentCommonCache.getAndPut(ConcurrentCommonCache.java:137)
	at org.codehaus.groovy.runtime.memoize.ConcurrentCommonCache.getAndPut(ConcurrentCommonCache.java:113)
	at org.codehaus.groovy.runtime.memoize.Memoize$MemoizeFunction.call(Memoize.java:136)
	at groovy.lang.Closure.call(Closure.java:422)
	at nextflow.scm.RepositoryProvider.invokeAndParseResponse(RepositoryProvider.groovy)
	at nextflow.scm.GithubRepositoryProvider.readBytes(GithubRepositoryProvider.groovy:118)
	at nextflow.scm.RepositoryProvider.readText(RepositoryProvider.groovy:425)
	at nextflow.scm.AssetManager.getManifest0(AssetManager.groovy:604)
	at nextflow.scm.AssetManager.memoizedMethodPriv$getManifest(AssetManager.groovy:596)
	at java.base/jdk.internal.reflect.DirectMethodHandleAccessor.invoke(DirectMethodHandleAccessor.java:104)
	at java.base/java.lang.reflect.Method.invoke(Method.java:565)
	at org.codehaus.groovy.reflection.CachedMethod.invoke(CachedMethod.java:343)
	at groovy.lang.MetaMethod.doMethodInvoke(MetaMethod.java:328)
	at groovy.lang.MetaClassImpl.doInvokeMethod(MetaClassImpl.java:1341)
	at groovy.lang.MetaClassImpl.invokeMethod(MetaClassImpl.java:1096)
	at groovy.lang.MetaClassImpl.invokeMethod(MetaClassImpl.java:1009)
	at org.codehaus.groovy.runtime.InvokerHelper.invokePogoMethod(InvokerHelper.java:645)
	at org.codehaus.groovy.runtime.InvokerHelper.invokeMethod(InvokerHelper.java:628)
	at org.codehaus.groovy.runtime.InvokerHelper.invokeMethodSafe(InvokerHelper.java:82)
	at nextflow.scm.AssetManager$_closure1.doCall(AssetManager.groovy)
	at nextflow.scm.AssetManager$_closure1.doCall(AssetManager.groovy)
	at java.base/jdk.internal.reflect.DirectMethodHandleAccessor.invoke(DirectMethodHandleAccessor.java:104)
	at java.base/java.lang.reflect.Method.invoke(Method.java:565)
	at org.codehaus.groovy.reflection.CachedMethod.invoke(CachedMethod.java:343)
	at groovy.lang.MetaMethod.doMethodInvoke(MetaMethod.java:328)
	at org.codehaus.groovy.runtime.metaclass.ClosureMetaClass.invokeMethod(ClosureMetaClass.java:280)
	at groovy.lang.MetaClassImpl.invokeMethod(MetaClassImpl.java:1009)
	at groovy.lang.Closure.call(Closure.java:433)
	at org.codehaus.groovy.runtime.memoize.Memoize$MemoizeFunction.lambda$call$0(Memoize.java:137)
	at org.codehaus.groovy.runtime.memoize.ConcurrentCommonCache.getAndPut(ConcurrentCommonCache.java:137)
	at org.codehaus.groovy.runtime.memoize.ConcurrentCommonCache.getAndPut(ConcurrentCommonCache.java:113)
	at org.codehaus.groovy.runtime.memoize.Memoize$MemoizeFunction.call(Memoize.java:136)
	at groovy.lang.Closure.call(Closure.java:412)
	at nextflow.scm.AssetManager.getManifest(AssetManager.groovy)
	at nextflow.scm.AssetManager.getMainScriptName(AssetManager.groovy:575)
	at nextflow.scm.AssetManager.checkValidRemoteRepo(AssetManager.groovy:533)
	at nextflow.scm.AssetManager.download(AssetManager.groovy:768)
	at nextflow.cli.CmdRun.getScriptFile0(CmdRun.groovy:635)
	at nextflow.cli.CmdRun.getScriptFile(CmdRun.groovy:567)
	at nextflow.cli.CmdRun.run(CmdRun.groovy:337)
	at nextflow.cli.Launcher.run(Launcher.groovy:526)
	at nextflow.cli.Launcher.main(Launcher.groovy:686)
lug-04 18:12:48.575 [main] DEBUG nextflow.scm.RepositoryProvider - Request [credentials -:-] -> https://api.github.com/repos/nextflow-io/Nextflow_for_IchorCNA/contents/main.nf
lug-04 18:12:48.760 [main] DEBUG nextflow.scm.RepositoryProvider - Response status: 404 -- [123, 34, 109, 101, 115, 115, 97, 103, 101, 34, 58, 34, 78, 111, 116, 32, 70, 111, 117, 110, 100, 34, 44, 34, 100, 111, 99, 117, 109, 101, 110, 116, 97, 116, 105, 111, 110, 95, 117, 114, 108, 34, 58, 34, 104, 116, 116, 112, 115, 58, 47, 47, 100, 111, 99, 115, 46, 103, 105, 116, 104, 117, 98, 46, 99, 111, 109, 47, 114, 101, 115, 116, 47, 114, 101, 112, 111, 115, 47, 99, 111, 110, 116, 101, 110, 116, 115, 35, 103, 101, 116, 45, 114, 101, 112, 111, 115, 105, 116, 111, 114, 121, 45, 99, 111, 110, 116, 101, 110, 116, 34, 44, 34, 115, 116, 97, 116, 117, 115, 34, 58, 34, 52, 48, 52, 34, 125]
lug-04 18:12:48.767 [main] DEBUG nextflow.cli.Launcher - Operation aborted
nextflow.exception.AbortOperationException: Remote resource not found: https://api.github.com/repos/nextflow-io/Nextflow_for_IchorCNA/contents/main.nf
	at nextflow.scm.RepositoryProvider.checkResponse(RepositoryProvider.groovy:309)
	at nextflow.scm.RepositoryProvider.invokeBytes(RepositoryProvider.groovy:255)
	at nextflow.scm.RepositoryProvider.invoke(RepositoryProvider.groovy:238)
	at nextflow.scm.RepositoryProvider.memoizedMethodPriv$invokeAndParseResponseString(RepositoryProvider.groovy:380)
	at java.base/jdk.internal.reflect.DirectMethodHandleAccessor.invoke(DirectMethodHandleAccessor.java:104)
	at java.base/java.lang.reflect.Method.invoke(Method.java:565)
	at org.codehaus.groovy.reflection.CachedMethod.invoke(CachedMethod.java:343)
	at groovy.lang.MetaMethod.doMethodInvoke(MetaMethod.java:328)
	at groovy.lang.MetaClassImpl.doInvokeMethod(MetaClassImpl.java:1341)
	at groovy.lang.MetaClassImpl.invokeMethod(MetaClassImpl.java:1096)
	at groovy.lang.MetaClassImpl.invokeMethod(MetaClassImpl.java:1009)
	at org.codehaus.groovy.runtime.InvokerHelper.invokePogoMethod(InvokerHelper.java:645)
	at org.codehaus.groovy.runtime.InvokerHelper.invokeMethod(InvokerHelper.java:628)
	at org.codehaus.groovy.runtime.InvokerHelper.invokeMethodSafe(InvokerHelper.java:82)
	at nextflow.scm.RepositoryProvider$_closure3.doCall(RepositoryProvider.groovy)
	at java.base/jdk.internal.reflect.DirectMethodHandleAccessor.invoke(DirectMethodHandleAccessor.java:104)
	at java.base/java.lang.reflect.Method.invoke(Method.java:565)
	at org.codehaus.groovy.reflection.CachedMethod.invoke(CachedMethod.java:343)
	at groovy.lang.MetaMethod.doMethodInvoke(MetaMethod.java:328)
	at org.codehaus.groovy.runtime.metaclass.ClosureMetaClass.invokeMethod(ClosureMetaClass.java:280)
	at groovy.lang.MetaClassImpl.invokeMethod(MetaClassImpl.java:1009)
	at groovy.lang.Closure.call(Closure.java:433)
	at org.codehaus.groovy.runtime.memoize.Memoize$MemoizeFunction.lambda$call$0(Memoize.java:137)
	at org.codehaus.groovy.runtime.memoize.ConcurrentCommonCache.getAndPut(ConcurrentCommonCache.java:137)
	at org.codehaus.groovy.runtime.memoize.ConcurrentCommonCache.getAndPut(ConcurrentCommonCache.java:113)
	at org.codehaus.groovy.runtime.memoize.Memoize$MemoizeFunction.call(Memoize.java:136)
	at groovy.lang.Closure.call(Closure.java:422)
	at nextflow.scm.RepositoryProvider.invokeAndParseResponse(RepositoryProvider.groovy)
	at nextflow.scm.GithubRepositoryProvider.readBytes(GithubRepositoryProvider.groovy:118)
	at nextflow.scm.RepositoryProvider.validateFor(RepositoryProvider.groovy:438)
	at nextflow.scm.AssetManager.checkValidRemoteRepo(AssetManager.groovy:534)
	at nextflow.scm.AssetManager.download(AssetManager.groovy:768)
	at nextflow.cli.CmdRun.getScriptFile0(CmdRun.groovy:635)
	at nextflow.cli.CmdRun.getScriptFile(CmdRun.groovy:567)
	at nextflow.cli.CmdRun.run(CmdRun.groovy:337)
	at nextflow.cli.Launcher.run(Launcher.groovy:526)
	at nextflow.cli.Launcher.main(Launcher.groovy:686)
